[kerriold.netlify.app/dark/index_1.html]
[backblue.gif]
[fade.gif]
[index.html]
[kerriold.netlify.app/dark/images/favicon.ico]
[kerriold.netlify.app/dark/css/bootstrap.min.css]
[kerriold.netlify.app/dark/css/materialdesignicons.min.css]
[kerriold.netlify.app/dark/css/mobiriseicons.css]
[kerriold.netlify.app/dark/css/magnific-popup.css]
[kerriold.netlify.app/dark/css/animate.min.css]
[kerriold.netlify.app/dark/css/owl.carousel.css]
[kerriold.netlify.app/dark/css/owl.theme.css]
[kerriold.netlify.app/dark/css/owl.transitions.css]
[kerriold.netlify.app/dark/css/style.css]
[kerriold.netlify.app/dark/images/logo.png]
[kerriold.netlify.app/dark/images/logo-dark.png]
[kerriold.netlify.app/dark/images/about.jpg]
[kerriold.netlify.app/dark/images/testi/testi-1.jpg]
[kerriold.netlify.app/dark/images/testi/testi-2.jpg]
[kerriold.netlify.app/dark/images/testi/testi-3.jpg]
[kerriold.netlify.app/dark/images/works/1.jpg]
[kerriold.netlify.app/dark/images/works/2.jpg]
[kerriold.netlify.app/dark/images/works/3.jpg]
[kerriold.netlify.app/dark/images/works/4.jpg]
[kerriold.netlify.app/dark/images/works/5.jpg]
[kerriold.netlify.app/dark/images/works/6.jpg]
[kerriold.netlify.app/dark/images/blog/blog-1.jpg]
[kerriold.netlify.app/dark/images/blog/blog-2.jpg]
[kerriold.netlify.app/dark/images/blog/blog-3.jpg]
[kerriold.netlify.app/dark/js/jquery.min.js]
[kerriold.netlify.app/dark/js/bootstrap.bundle.min.js]
[kerriold.netlify.app/dark/js/jquery.easing.min.js]
[kerriold.netlify.app/dark/js/scrollspy.min.js]
[kerriold.netlify.app/dark/js/isotope.js]
[kerriold.netlify.app/dark/js/jquery.magnific-popup.min.js]
[kerriold.netlify.app/dark/js/switcher.js]
[kerriold.netlify.app/dark/js/typed.js]
[kerriold.netlify.app/dark/js/owl.carousel.min.js]
[kerriold.netlify.app/dark/index_1.html]
[kerriold.netlify.app/dark/js/custom.js]
[kerriold.netlify.app/dark/css/bootstrap.min.css]
[kerriold.netlify.app/dark/fonts/materialdesignicons-webfontdf71.eot]
[kerriold.netlify.app/dark/fonts/materialdesignicons-webfontd41d.eot]
[kerriold.netlify.app/dark/fonts/materialdesignicons-webfontdf71.woff2]
[kerriold.netlify.app/dark/fonts/materialdesignicons-webfontdf71.woff]
[kerriold.netlify.app/dark/fonts/materialdesignicons-webfontdf71.ttf]
[kerriold.netlify.app/dark/fonts/materialdesignicons-webfont.2adf71.delayed]
[kerriold.netlify.app/dark/css/materialdesignicons.min.css]
[kerriold.netlify.app/dark/fonts/MobiriseIcons.2b73ab.delayed]
[kerriold.netlify.app/dark/fonts/mobirise73ab.ttf]
[kerriold.netlify.app/dark/fonts/mobirise73ab.woff]
[kerriold.netlify.app/dark/fonts/MobiriseIcons.2e73ab.delayed]
[kerriold.netlify.app/dark/css/mobiriseicons.css]
[kerriold.netlify.app/dark/css/magnific-popup.css]
[kerriold.netlify.app/dark/css/animate.min.css]
[kerriold.netlify.app/dark/css/owl.carousel.css]
[kerriold.netlify.app/dark/css/AjaxLoader.2f.delayed]
[kerriold.netlify.app/dark/css/owl.theme.css]
[kerriold.netlify.app/dark/css/owl.transitions.css]
[kerriold.netlify.app/dark/images/header-bg3.jpg]
[kerriold.netlify.app/dark/css/style.css]
[kerriold.netlify.app/dark/css/color/default.css]
[kerriold.netlify.app/dark/fonts/materialdesignicons-webfontdf71.html]
[kerriold.netlify.app/dark/fonts/MobiriseIcons73ab.html]
[kerriold.netlify.app/dark/fonts/MobiriseIcons73ab-2.html]
[kerriold.netlify.app/dark/css/AjaxLoader.html]
